// Jest Snapshot v1, https://goo.gl/fbAQLP

exports[`Renders snapshot as expected Register Screen Loads 1`] = `
<View
  style={
    Object {
      "alignItems": "center",
      "backgroundColor": "#fff",
      "flex": 1,
      "justifyContent": "center",
    }
  }
>
  <Image
    source={1}
    style={
      Object {
        "marginBottom": 40,
      }
    }
  />
  <View
    style={
      Object {
        "alignItems": "center",
        "backgroundColor": "#FFC0CB",
        "borderRadius": 30,
        "height": 45,
        "marginBottom": 20,
        "width": "80%",
      }
    }
  >
    <TextInput
      allowFontScaling={true}
      onChangeText={[Function]}
      placeholder="Email"
      placeholderTextColor="#003f5c"
      rejectResponderTermination={true}
      style={
        Object {
          "flex": 1,
          "height": 50,
          "padding": 10,
        }
      }
      underlineColorAndroid="transparent"
    />
  </View>
  <View
    style={
      Object {
        "alignItems": "center",
        "backgroundColor": "#FFC0CB",
        "borderRadius": 30,
        "height": 45,
        "marginBottom": 20,
        "width": "80%",
      }
    }
  >
    <TextInput
      allowFontScaling={true}
      onChangeText={[Function]}
      placeholder="Password"
      placeholderTextColor="#003f5c"
      rejectResponderTermination={true}
      secureTextEntry={true}
      style={
        Object {
          "flex": 1,
          "height": 50,
          "padding": 10,
        }
      }
      underlineColorAndroid="transparent"
    />
  </View>
  <View
    style={
      Object {
        "alignItems": "center",
        "backgroundColor": "#FFC0CB",
        "borderRadius": 30,
        "height": 45,
        "marginBottom": 20,
        "width": "80%",
      }
    }
  >
    <TextInput
      allowFontScaling={true}
      onChangeText={[Function]}
      placeholder="First Name"
      placeholderTextColor="#003f5c"
      rejectResponderTermination={true}
      style={
        Object {
          "flex": 1,
          "height": 50,
          "padding": 10,
        }
      }
      underlineColorAndroid="transparent"
    />
  </View>
  <View
    style={
      Object {
        "alignItems": "center",
        "backgroundColor": "#FFC0CB",
        "borderRadius": 30,
        "height": 45,
        "marginBottom": 20,
        "width": "80%",
      }
    }
  >
    <TextInput
      allowFontScaling={true}
      onChangeText={[Function]}
      placeholder="Last Name"
      placeholderTextColor="#003f5c"
      rejectResponderTermination={true}
      style={
        Object {
          "flex": 1,
          "height": 50,
          "padding": 10,
        }
      }
      underlineColorAndroid="transparent"
    />
  </View>
  <View
    accessible={true}
    focusable={true}
    onClick={[Function]}
    onResponderGrant={[Function]}
    onResponderMove={[Function]}
    onResponderRelease={[Function]}
    onResponderTerminate={[Function]}
    onResponderTerminationRequest={[Function]}
    onStartShouldSetResponder={[Function]}
    style={
      Object {
        "alignItems": "center",
        "backgroundColor": "#99ccff",
        "borderRadius": 25,
        "height": 50,
        "justifyContent": "center",
        "marginTop": 20,
        "opacity": 1,
        "width": "80%",
      }
    }
  >
    <Text>
      REGISTER
    </Text>
  </View>
</View>
`;
